---
source: src/views/gen_graph_widget.rs
expression: terminal.backend()
---
"                                                                                                                        "
"                                                                                                                        "
"                                                                                                                        "
"                                                                                                                        "
"                                                                                                                        "
"                                                                                                                        "
"                                                                                                                        "
"                                                                                                                        "
"                                                                                                                        "
"                                                                                                                        "
"                                                                                                                        "
"                                                                                                                        "
"                                                                                                                        "
"                                                                                                                        "
"                                                                                                                        "
"                                                                                                                        "
"                                                                                                                        "
"         ╭────TTAC───╮                                                                                                  "
"    ╭─CG─┴─╮       ╭─┴─CCGTAAGCT──╮                                                                                     "
"  A─┤      ├─ACGTA─┤              ├─ACGTT...GTAGC──GCTAA...ATGTA                                                        "
"    ╰─GAT─┬╯       ╰┬─TTAACCGGATC─╯                                                                                     "
"          ╰─GATTACA─╯                                                                                                   "
"                                                                                                                        "
"                                                                                                                        "
"                                                                                                                        "
"                                                                                                                        "
"                                                                                                                        "
"                                                                                                                        "
"                                                                                                                        "
"                                                                                                                        "
"                                                                                                                        "
"                                                                                                                        "
"                                                                                                                        "
"                                                                                                                        "
"                                                                                                                        "
"                                                                                                                        "
"                                                                                                                        "
"                                                                                                                        "
"                                                                                                                        "
"                                                                                                                        "
