---
source: src/views/gen_graph_widget.rs
expression: "render_annotated_variant_fixture(\"hbb_reference_centering\", \"hbb_region.fa\",\n\"hbb_region.gff3\", \"hbb_variants.vcf\", \"HG00096\", 2600,)"
---
"                                                                                                                                            "
"                                                                                                                                            "
"                                                                                                                                            "
"                                                                                                                                            "
"                                                                                                                                            "
"                                                                                                                                            "
"                                                                                                                                            "
"                                                                                                                                            "
"                                                                                                                                            "
"                                                                                                                                            "
"                                                                                                                                            "
"                                                                                                                                            "
"                                                                                                                                            "
"                                                                                                                                            "
"                                                                                                                                            "
"                                                                                                                                            "
"                                                                                                                                            "
"                                                                                                                                            "
"                                                                                                                                            "
"                                                                                       ╭╌A╌╮                                                "
"                                                     ╭─G─╮                             ┊ ═ ┊       ╭╌G╌╮       ╭─A─╮       ╭╌╌╌╌╌╌╭─╮╮    ╭─"
"             ╭╌G╌╮                       ╭─A─╮       │   │                             ┊ ═ ┊       ┊   ╭─T…C…C─╯   ╰─G…A…A──╮    ╭╯ │╰┬╌A─┤ "
"T…G──────────╮ ═ ╭─────────A…T…T─────────┤ ═ ├─T…T…G─╯   ╰────────────C…C…C────────────╮ ═ ╭─T…T…A─╮   │       ╰╌G╌╯        ├─AT─╯╌╌│╌╯   ╰─"
"◀══          │   │ HBB-201 ═════         │   │ ═════ ┊   ┊            ═════            │   │ ═══   │   │          ╭─────────╯       ╰───────"
"◀══          ╰─A─╯                       ╰─C─╯       ╰╌C╌╯ HBB exon 2 ◀══ ◀            │   │ ═════ ╰─A─╯          │                         "
"═══                                                    ═      HBB CDS ═════            ╰─G─╯ ═══                  ╰─────────────────────────"
"                                                               HBB exon 1 ◀                                                                 "
"                                                                                                                                            "
"                                                                                                                                            "
"                                                                                                                                            "
"                                                                                                                                            "
"                                                                                                                                            "
"                                                                                                                                            "
"                                                                                                                                            "
"                                                                                                                                            "
"                                                                                                                                            "
"                                                                                                                                            "
"                                                                                                                                            "
"                                                                                                                                            "
"                                                                                                                                            "
"                                                                                                                                            "
"                                                                                                                                            "
"                                                                                                                                            "
"                                                                                                                                            "
"                                                                                                                                            "
