---
source: src/views/gen_graph_widget.rs
expression: snapshot
---
"                                                                      "
"                                                                      "
"                                                                      "
"                                                                      "
"                                                                      "
"                                                                      "
"  ╟────ACGT.C.ACGT.TACGTACGT──A.T──╢                                  "
"       [═forward═> [unknown]                                          "
"     reverse<                                                         "
"                                                                      "
"                                                                      "
"                                                                      "
"                                                                      "
