---
source: src/views/gen_graph_widget.rs
expression: snapshot
---
"                                                                                                              "
"                                                                                                              "
"                                                                                                              "
"                                                                                                              "
"                                                                                                              "
"                                                                                                              "
"                                                                                                              "
"                                                                                                              "
"                                                                                                              "
"                                                                                                              "
"                                                                                                              "
"                                                                                                              "
"           ╭╌╌╌ACGT.C.ACGT───╮                                                                                "
"           ┊   ══reverse══   │                                                                                "
"           ┊    site>        │                                                                                "
"  ╟──A.G.G─╮                 ├─C.A.T──ACG.AC──╢                                                               "
"       [══ │                 │ ══> ═  ═tail]                                                                  "
"         < │                 │ ]                                                                              "
"           ╰─ACGTACG.TAC.TAC─╯                                                                                "
"             ════coding═════                                                                                  "
"                <nested]                                                                                      "
"                                                                                                              "
"                                                                                                              "
"                                                                                                              "
"                                                                                                              "
"                                                                                                              "
"                                                                                                              "
"                                                                                                              "
"                                                                                                              "
"                                                                                                              "
"                                                                                                              "
