---
source: src/views/gen_graph_widget.rs
expression: snapshot
---
"                                                                                                                                    "
"                                                                                                                                    "
"                                                                                                                                    "
"                                                                                                                                    "
"                                                                                                                                    "
"                                                                                                                                    "
"                                                                                                                                    "
"                                                                                                                                    "
"                                                                                                                                    "
"                                                                                                                                    "
"                                                                                                                                    "
"                                                                                                                                    "
"                                                                                                                                    "
"                                                                                                                                    "
"                                                                                                                                    "
"                                                                                                                                    "
"                                                                                                                                    "
"                                                                                                                                    "
"                                                                                                                                    "
"      GGG──ACT──CTA──AAA──CCC─┬─╢                                                                                                   "
"       │                      ╰╮                                                                                                    "
"  ╟─┬─TTT─────────────◀────────╯                                                                                                    "
"   ╭╯                                                                                                                               "
"   ╰──────────────╴                                                                                                                 "
"                                                                                                                                    "
"                                                                                                                                    "
"                                                                                                                                    "
"                                                                                                                                    "
"                                                                                                                                    "
"                                                                                                                                    "
"                                                                                                                                    "
"                                                                                                                                    "
"                                                                                                                                    "
"                                                                                                                                    "
"                                                                                                                                    "
"                                                                                                                                    "
"                                                                                                                                    "
"                                                                                                                                    "
"                                                                                                                                    "
"                                                                                                                                    "
"                                                                                                                                    "
"                                                                                                                                    "
"                                                                                                                                    "
