---
source: src/views/gen_graph_widget.rs
expression: snapshot
---
"                                                                                                              "
"                                                                                                              "
"                                                                                                              "
"                                                                                                              "
"                                                                                                              "
"                                                                                                              "
"                                                                                                              "
"                                                                                                              "
"                                                                                                              "
"                                                                                                              "
"                             ╭─ACGTACGTACGTACGTACGTAC─╮                                                       "
"                             │⡔════════coding════════⢢│                                                       "
"                             │⠃   ◀═══nested═════    ⢸│                                                       "
"                             │                        │                                                       "
"                            ⢀│                        │                                                       "
"  ╟─────────ACGTACGTACGTACGT─┤                        ├─ACGTACGTACGTACGT─────────ACGTACGTAC─────────╢         "
"                  ══════════⠊┊                        │⠑════════▶  ═════⠒⠒⠒⠒⠒⠒⠒⠒⠒═══tail═══                   "
"                      ◀═════⠢┊                        │⠒══════                                                "
"                             ┊⠑⢄                    ⢠⠊│                                                       "
"                             ┊ ⠈⢆                  ⢠⠃ │                                                       "
"                             ╰╌╌╌╌╌╌ACGTACGTACGT──────╯                                                       "
"                                  ⠈⠒══reverse═══⠊⠁                                                            "
"                                    site ▶                                                                    "
"                                                                                                              "
"                                                                                                              "
"                                                                                                              "
"                                                                                                              "
"                                                                                                              "
"                                                                                                              "
"                                                                                                              "
"                                                                                                              "
