---
source: src/views/gen_graph_widget.rs
expression: snapshot
---
"                                                                      "
"                                                                      "
"                                                                      "
"                                                                      "
"                                                                      "
"                                                                      "
"  ╟──────────A…C…T…T…T──────────A…GT──╢                               "
"     forward ════▶                                                    "
"       reverse ◀                                                      "
"           unknown ═══                                                "
"                                                                      "
"                                                                      "
"                                                                      "
