---
source: src/views/gen_graph_widget.rs
expression: snapshot
---
"                                                                                                                        "
"                                                                                                                        "
"                                                                                                                        "
"                                                                                                                        "
"                                                                                                                        "
"                                                                                                                        "
"                                                                                                                        "
"                                                                                                                        "
"                                                                                                                        "
"                                                                                                                        "
"                                                                                                                        "
"                                                                                                                        "
"                                                                                                                        "
"                                                                                                                        "
"   ╭─AAA─CCC─┬─────────╢╌╴                                                                                              "
"   │         ╰─╮                                                                                                        "
"   │    ╶╌╟────┴TTT─GGG─ACT─CTA─╮                                                                                       "
"   │                            │                                                                                       "
"   ╰─────◀───────────────◀──────╯                                                                                       "
"                                                                                                                        "
"                                                                                                                        "
"                                                                                                                        "
"                                                                                                                        "
"                                                                                                                        "
"                                                                                                                        "
"                                                                                                                        "
"                                                                                                                        "
"                                                                                                                        "
"                                                                                                                        "
"                                                                                                                        "
