---
source: src/views/gen_graph_widget.rs
expression: "render_annotated_variant_fixture(\"sarscov2_reference_centering\",\n\"NC_045512.2.fa\", \"NC_045512.2.gff3\", \"lineages.vcf\", \"Delta\", 27650,)"
---
"                                                                                                                                            "
"                                                                                                                                            "
"                                                                                                                                            "
"                                                                                                                                            "
"                                                                                                                                            "
"                                                                                                                                            "
"                                                                                                                                            "
"                                                                                                                                            "
"                                                                                                                                            "
"                                                                                                                                            "
"                                                                                                                                            "
"                                                                                                                                            "
"                                                                                                                                            "
"                                                                                                                                            "
"                                                                                                                                            "
"                                                                                                                                            "
"                                                                                                                                            "
"                                                                                                                                            "
"                                                                                                                                            "
"                               ╭─C─╮                                       ╭─C─╮       ╭─T─╮                                           ╭╌A╌╮"
"                               │   │                                       │   │       │   │                                           ┊ ═ ┊"
"                               │   │                                       │   │       │   │                                           ┊ ═ ┊"
"────────A…A…A…A────────────────╯   ╰────────────────A…A…A…A────────────────╯   ╰─T…T…A─╯   ╰────────────────A…A…A…A…A…A────────────────╮ ═ ╭"
"24391.1 ▶ ═E▶ ═                ┊   ┊                ═══════                ┊   ┊ ═════ ┊   ┊                ══▶       ═                │   │"
"        ═══════                ╰╌T╌╯ YP_009724393.1 ▶                      ╰╌T╌╯ ═════ ╰╌C╌╯                ══▶       ═                ╰─G─╯"
"  ORF3a ▶     ═                  ═                M ▶                        ═   ═════   ═                  ═══════════                     "
"9724392.1 ══▶                    ═     YP_009724394.1 ══▶                    ═           ═            ORF7b ════▶                           "
"                                 ═               ORF6 ══▶                    ═           ═   YP_009725318.1 ════▶                           "
"                                           YP_009724395.1 ═                                        YP_009724396.1 ══▶                       "
"                                                    ORF7a ═                                                  ORF8 ══▶                       "
"                                                                                                                                            "
"                                                                                                                                            "
"                                                                                                                                            "
"                                                                                                                                            "
"                                                                                                                                            "
"                                                                                                                                            "
"                                                                                                                                            "
"                                                                                                                                            "
"                                                                                                                                            "
"                                                                                                                                            "
"                                                                                                                                            "
"                                                                                                                                            "
"                                                                                                                                            "
"                                                                                                                                            "
"                                                                                                                                            "
