---
source: src/views/gen_graph_widget.rs
expression: terminal.backend().to_string()
---
"                                                                                                                                    "
"                                                                                                                                    "
"                                                                                                                                    "
"                                                                                                                                    "
"                                                                                                                                    "
"                                                                                                                                    "
"                                                                                                                                    "
"                                                                                                                                    "
"                                                                                                                                    "
"                                                                                                                                    "
"                                                                                                                                    "
"                                                                                                                                    "
"                                                                                                                                    "
"                                                                                                                                    "
"                                                                                                                                    "
"                                                                                                                                    "
"                                                                                                                                    "
"                                                                                                                                    "
"                                                                                                                                    "
"                                                                                                                                    "
"        ╭╌C╌╮     ╭─A─╮      ╭╌G╌╮      ╭─A─╮       ╭╌╌╌╌╌╮       ╭─A─╮                                                             "
"  ╟──AT─╮   ╭─GAT─┤   ├─GATC─╮   ╭─ATCG─┤   ├─TCGGG─╮     ╭─AACAC─┤   ├─CAGAGA──╢                                                   "
"        ╰─T─╯     ╰─C─╯      ╰───╯      ╰───╯       ╰─TTT─╯       ╰─G─╯                                                             "
"                                                                                                                                    "
"                                                                                                                                    "
"                                                                                                                                    "
"                                                                                                                                    "
"                                                                                                                                    "
"                                                                                                                                    "
"                                                                                                                                    "
"                                                                                                                                    "
"                                                                                                                                    "
"                                                                                                                                    "
"                                                                                                                                    "
"                                                                                                                                    "
"                                                                                                                                    "
"                                                                                                                                    "
"                                                                                                                                    "
"                                                                                                                                    "
"                                                                                                                                    "
"                                                                                                                                    "
"                                                                                                                                    "
"                                                                                                                                    "
