---
source: src/views/gen_graph_widget.rs
expression: snapshot
---
"                                                                                                              "
"                                                                                                              "
"                                                                                                              "
"                                                                                                              "
"                                                                                                              "
"                                                                                                              "
"                                                                                                              "
"                                                                                                              "
"                                                                                                              "
"                                                                                                              "
"                             ╭╌╌╌╌╌╌ACGTACGTACGT──────╮                                                       "
"                             ┊      ══reverse═══      │                                                       "
"                             ┊      site ▶            │                                                       "
"                             ┊                        │                                                       "
"                             ┊                        │                                                       "
"  ╟─────────ACGTACGTACGTACGT─╮                        ├─ACGTACGTACGTACGT─────────ACGTACGTAC─────────╢         "
"                  ══════════ │                        │ ════════▶  ═════         ═══tail═══                   "
"                      ◀═════ │                        │ ══════                                                "
"                             │                        │                                                       "
"                             │                        │                                                       "
"                             ╰─ACGTACGTACGTACGTACGTAC─╯                                                       "
"                               ════════coding════════                                                         "
"                                  ◀═══nested═════                                                             "
"                                                                                                              "
"                                                                                                              "
"                                                                                                              "
"                                                                                                              "
"                                                                                                              "
"                                                                                                              "
"                                                                                                              "
"                                                                                                              "
