---
source: src/views/testing/zygosity_snapshot_test.rs
expression: snapshot
---
"                                                                                                                        "
"                                                                                                                        "
"                                                                                                                        "
"                                                                                                                        "
"                                                                                                                        "
"                                                                                                                        "
"                                                                                                                        "
"                                                                                                                        "
"                                                                                                                        "
"                                                                                                                        "
"                                                                                                                        "
"                                                                                                                        "
"                                                                                                                        "
"          ╭─T─╮     ╭─A─╮      ╭╌G╌╮      ╭─A─╮       ╭─TTT─╮       ╭─A─╮                                               "
"     ╟─AT─╯   ╰─GAT─┤   ├─GATC─╮   ╭─ATCG─┤   ├─TCGGG─╯     ╰─AACAC─┤   ├─CAGAGA─╢                                      "
"          ╰╌C╌╯     ╰─C─╯      ╰───╯      ╰───╯       ╰╌╌╌╌╌╯       ╰─G─╯                                               "
"                                                                                                                        "
"                                                                                                                        "
"                                                                                                                        "
"                                                                                                                        "
"                                                                                                                        "
"                                                                                                                        "
"                                                                                                                        "
"                                                                                                                        "
"                                                                                                                        "
"                                                                                                                        "
"                                                                                                                        "
"                                                                                                                        "
"                                                                                                                        "
"                                                                                                                        "
