---
source: src/views/gen_graph_widget.rs
expression: terminal.backend().to_string()
---
"                                                                                                                                    "
"                                                                                                                                    "
"                                                                                                                                    "
"                                                                                                                                    "
"                                                                                                                                    "
"                                                                                                                                    "
"                                                                                                                                    "
"                                                                                                                                    "
"                                                                                                                                    "
"                                                                                                                                    "
"                                                                                                                                    "
"                                                                                                                                    "
"                                                                                                                                    "
"                                                                                                                                    "
"                                                                                                                                    "
"                                                                                                                                    "
"                                                                                                                                    "
"                                                                                                                                    "
"                                                                                                                                    "
"        ╭─T─╮     ╭─A─╮      ╭───╮      ╭───╮       ╭─TTT─╮       ╭─G─╮                                                             "
"        │   │     │   │      │   │      │   │       │     │       │   │                                                             "
"  ╟──AT─╯╌C╌╰─GAT─┴─C─┴─GATC─╯╌G╌╰─ATCG─┴─A─┴─TCGGG─╯╌╌╌╌╌╰─AACAC─┴─A─┴─CAGAGA──╢                                                   "
"                                                                                                                                    "
"                                                                                                                                    "
"                                                                                                                                    "
"                                                                                                                                    "
"                                                                                                                                    "
"                                                                                                                                    "
"                                                                                                                                    "
"                                                                                                                                    "
"                                                                                                                                    "
"                                                                                                                                    "
"                                                                                                                                    "
"                                                                                                                                    "
"                                                                                                                                    "
"                                                                                                                                    "
"                                                                                                                                    "
"                                                                                                                                    "
"                                                                                                                                    "
"                                                                                                                                    "
"                                                                                                                                    "
"                                                                                                                                    "
"                                                                                                                                    "
