---
source: src/views/gen_graph_widget.rs
expression: snapshot
---
"                                                                                                                                    "
"                                                                                                                                    "
"                                                                                                                                    "
"                                                                                                                                    "
"                                                                                                                                    "
"                                                                                                                                    "
"                                                                                                                                    "
"                                                                                                                                    "
"                                                                                                                                    "
"                                                                                                                                    "
"                                                                                                                                    "
"                                                                                                                                    "
"                                                                                                                                    "
"                                                                                                                                    "
"                                                                                                                                    "
"                                                                                                                                    "
"                                                                                                                                    "
"                                                                                                                                    "
"                                                                                                                                    "
"                                                                                                                                    "
"                                                                                                                                    "
"  ╟─┬─TTT──GGG──ACT──CTA──AAA──CCC─┬─╢                                                                                              "
"   ╭╯                              ╰╮                                                                                               "
"   ╰────────◀──────────────◀────────╯                                                                                               "
"                                                                                                                                    "
"                                                                                                                                    "
"                                                                                                                                    "
"                                                                                                                                    "
"                                                                                                                                    "
"                                                                                                                                    "
"                                                                                                                                    "
"                                                                                                                                    "
"                                                                                                                                    "
"                                                                                                                                    "
"                                                                                                                                    "
"                                                                                                                                    "
"                                                                                                                                    "
"                                                                                                                                    "
"                                                                                                                                    "
"                                                                                                                                    "
"                                                                                                                                    "
"                                                                                                                                    "
"                                                                                                                                    "
