---
source: src/views/gen_graph_widget.rs
expression: terminal.backend().to_string()
---
"                                                                                                                        "
"                                                                                                                        "
"                                                                                                                        "
"                                                                                                                        "
"                                                                                                                        "
"                                                                                                                        "
"                                                                                                                        "
"                                                                                                                        "
"                                                                                                                        "
"                                                                                                                        "
"                                                                                                                        "
"                                                                                                                        "
"                                                                                                                        "
"          ╭╴T╶╮     ╭╴A╶╮      ╭╌G╌╮      ╭╴A╶╮       ╭╴TTT╶╮       ╭╴A╶╮                                               "
"     ╟╴AT╶╯   ╰╴GAT╶┤   ├╴GATC╶╮   ╭╴ATCG╶┤   ├╴TCGGG╶╯     ╰╴AACAC╶┤   ├╴CAGAGA╶╢                                      "
"          ╰╌C╌╯     ╰╴C╶╯      ╰───╯      ╰───╯       ╰╌╌╌╌╌╯       ╰╴G╶╯                                               "
"                                                                                                                        "
"                                                                                                                        "
"                                                                                                                        "
"                                                                                                                        "
"                                                                                                                        "
"                                                                                                                        "
"                                                                                                                        "
"                                                                                                                        "
"                                                                                                                        "
"                                                                                                                        "
"                                                                                                                        "
"                                                                                                                        "
"                                                                                                                        "
"                                                                                                                        "
