---
source: src/views/gen_graph_widget.rs
expression: snapshot
---
"                                                                                                              "
"                                                                                                              "
"                                                                                                              "
"                                                                                                              "
"                                                                                                              "
"                                                                                                              "
"                                                                                                              "
"                                                                                                              "
"                                                                                                              "
"                                                                                                              "
"                                                                                                              "
"                                                                                                              "
"           ╭╌╌╌╌╌╌╌╌╌A…C…T─────────╮                                                                          "
"           ┊ reverse ═════         │                                                                          "
"           ┊      site ▶           │                                                                          "
"  ╟──A…G…G─╮                       ├─C…A…T───────A…C…C───────╢                                                "
"       ═══⠤│⡀                     ⢀│⠤══▶ ═  tail ═════                                                        "
"         ◀ │⠈⠑⢢                ⢀⠔⠊⠁│ ═                                                                        "
"           ╰─────────A…T…C─────────╯                                                                          "
"              coding⠒═════⠒⠊⠁                                                                                 "
"                nested ◀══                                                                                    "
"                                                                                                              "
"                                                                                                              "
"                                                                                                              "
"                                                                                                              "
"                                                                                                              "
"                                                                                                              "
"                                                                                                              "
"                                                                                                              "
"                                                                                                              "
"                                                                                                              "
