---
source: src/views/gen_graph_widget.rs
expression: snapshot
---
"                                                                                                              "
"                                                                                                              "
"                                                                                                              "
"                                                                                                              "
"                                                                                                              "
"                                                                                                              "
"                                                                                                              "
"                                                                                                              "
"                                                                                                              "
"                                                                                                              "
"                                                                                                              "
"                                                                                                              "
"         ╭╌AC...........T─╮                                                                                   "
"         ┊ ═══reverse════ │                                                                                   "
"         ┊  ═site▶        │                                                                                   "
"  ╟──AGG─╮                ├─CAT──AC...C──╢                                                                    "
"      ══⢄│                │⡠═▶   ═tail═                                                                       "
"       ═ │⡀              ⡰│ ═ ═                                                                               "
"         ╰───AT......C────╯                                                                                   "
"            ⠑═coding══⠊                                                                                       "
"              ◀nested═                                                                                        "
"                                                                                                              "
"                                                                                                              "
"                                                                                                              "
"                                                                                                              "
"                                                                                                              "
"                                                                                                              "
"                                                                                                              "
"                                                                                                              "
"                                                                                                              "
"                                                                                                              "
