---
source: gen-widget/src/plotter.rs
expression: terminal.backend()
---
"                                                            "
"                                                            "
"                                                            "
"                                                            "
"                                                            "
"                                                            "
"                                                            "
"                                                            "
"      ██████████ ██████████                                 "
"      ████N0████─████N1████                                 "
"      ██████████ ██████████                                 "
"                                                            "
"                                                            "
"                                                            "
"                                                            "
"                                                            "
"                                                            "
"                                                            "
"                                                            "
"                                                            "
