---
source: gen-tui/src/testing/layout_tests.rs
assertion_line: 377
expression: snapshot
---
"                                                                                "
"                                                                                "
"                                                                                "
"                                                                                "
"                                                                                "
"                                                                                "
"                                                                                "
"                         █████                                                  "
"                     ╭───█N5██───╮                                              "
"             █████ ╭─╯   █████   │ █████                                        "
"           ╭─█N1██─│─╮           ├─█N7██─╮                                      "
"     █████ │ █████ ├─│─╮ █████ ╭─╯ █████ │ █████ █████                          "
"     █N0██─┤       │ │ ├─█N4██─┤         ├─█N8██─█N9██                          "
"     █████ │ █████ │ ├─╯ █████ ╰─╮ █████ │ █████ █████                          "
"           ╰─█N2██─╯ │           ├─█N6██─╯                                      "
"             █████   │   █████   │ █████                                        "
"                     ╰───█N3██───╯                                              "
"                         █████                                                  "
"                                                                                "
"                                                                                "
"                                                                                "
"                                                                                "
"                                                                                "
"                                                                                "
"                                                                                "
