---
source: gen-tui/src/testing/layout_tests.rs
expression: snapshot
---
"                                                                                                                        "
"                                                                                                                        "
"                                                                                                                        "
"                                                                                                                        "
"                                                                                                                        "
"                                                                                                                        "
"                                                                                                                        "
"                                                                                                                        "
"             █████   █████   █████   █████                                                                              "
"           ╭─█N1██─┬─█N6██─┬─█N11█─┬─█N16█─╮                                                                            "
"           │ █████ │ █████ │ █████ │ █████ │                                                                            "
"           │       │       │       │       │                                                                            "
"           │ █████ │ █████ │ █████ │ █████ │                                                                            "
"           ├─█N2██─┼─█N7██─┼─█N12█─┼─█N17█─┤                                                                            "
"           │ █████ │ █████ │ █████ │ █████ │                                                                            "
"           │       │       │       │       │                                                                            "
"           │ █████ │ █████ │ █████ │ █████ │                                                                            "
"           ├─█N3██─┼─█N8██─┼─█N13█─┼─█N18█─┤                                                                            "
"     █████ │ █████ │ █████ │ █████ │ █████ │ █████                                                                      "
"     █N0██─┤       │       │       │       ├─█N21█                                                                      "
"     █████ │ █████ │ █████ │ █████ │ █████ │ █████                                                                      "
"           ├─█N4██─┼─█N9██─┼─█N14█─┼─█N19█─┤                                                                            "
"           │ █████ │ █████ │ █████ │ █████ │                                                                            "
"           │       │       │       │       │                                                                            "
"           │ █████ │ █████ │ █████ │ █████ │                                                                            "
"           ├─█N5██─┴─█N10█─┴─█N15█─┴─█N20█─┤                                                                            "
"           │ █████   █████   █████   █████ │                                                                            "
"           │                               │                                                                            "
"           │             █████             │                                                                            "
"           ╰─────────────█N22█─────────────╯                                                                            "
"                         █████                                                                                          "
"                                                                                                                        "
"                                                                                                                        "
"                                                                                                                        "
"                                                                                                                        "
"                                                                                                                        "
"                                                                                                                        "
"                                                                                                                        "
"                                                                                                                        "
"                                                                                                                        "
