---
source: gen-tui/src/testing/layout_tests.rs
expression: snapshot
---
"                                                                                "
"                                                                                "
"                                                                                "
"                                                                                "
"                                                                                "
"                                                                                "
"                                                                                "
"                                                                                "
"                  █████                                                         "
"          █████ ╭─█N4██─╮                                                       "
"        ╭─█N2██─┤ █████ │                                                       "
"        │ █████ │       │                                                       "
"        │       ╰───────┤                                                       "
"  █████ │ █████   █████ │ █████ █████                                           "
"  █N0██─┼─█N1██─┬─█N3██─┴─█N5██─█N6██                                           "
"  █████ │ █████ │ █████   █████ █████                                           "
"        ╰───────╯                                                               "
"                                                                                "
"                                                                                "
"                                                                                "
"                                                                                "
"                                                                                "
"                                                                                "
"                                                                                "
"                                                                                "
"                                                                                "
"                                                                                "
"                                                                                "
"                                                                                "
"                                                                                "
