---
source: gen-tui/src/testing/layout_tests.rs
expression: snapshot
---
"                                                                                                                        "
"                                                                                                                        "
"                                                                                                                        "
"                                                                                                                        "
"                                                                                                                        "
"                                                                                                                        "
"                           █████                                                                                        "
"                         ╭─█N0██─╮                                                                                      "
"                         │ █████ │                                                                                      "
"             █████ █████ │       │                                                                                      "
"           ╭─█N6██─█N7██─┤       │ █████ █████                                                                          "
"     █████ │ █████ █████ │   ╭───┴─█N1██─█N2██─╮                                                                        "
"   ╭─█N5██─┤             │   │     █████ █████ │ █████ █████                                                            "
"   │ █████ │             │   │                 ├─█N3██─█N4██─╮                                                          "
"   │       │             ╰───│──────╮          │ █████ █████ │                                                          "
"   ▲       │                 │      │          │             ▲                                                          "
"   │       ╰─────────────────╯      ╰──────────╯             │                                                          "
"   │                                                         │                                                          "
"   ╰────◀───────────────◀───────────────◀───────────────◀────╯                                                          "
"                                                                                                                        "
"                                                                                                                        "
"                                                                                                                        "
"                                                                                                                        "
"                                                                                                                        "
"                                                                                                                        "
