---
source: gen-tui/src/testing/snapshot_tests.rs
expression: snapshot
---
"                                                            "
"                                                            "
"                                                            "
"                                                            "
"                                                            "
"                                                            "
"                                                            "
"                                                            "
"     █████                                                  "
"   ╭─█N0██─╮                                                "
"   │ █████ │                                                "
"   │       │                                                "
"   ╰───────╯                                                "
"                                                            "
"                                                            "
"                                                            "
"                                                            "
"                                                            "
"                                                            "
"                                                            "
