---
source: gen-tui/src/testing/layout_tests.rs
expression: snapshot
---
"                                                                                "
"                                                                                "
"                                                                                "
"                                                                                "
"                                                                                "
"                                                                                "
"                                                                                "
"                                                                                "
"     █████ █████ █████                                                          "
"   ╭─█N0██─█N1██─█N2██─╮                                                        "
"   ▲ █████ █████ █████ ▲                                                        "
"   │                   │                                                        "
"   ╰─◀───────────────◀─╯                                                        "
"                                                                                "
"                                                                                "
"                                                                                "
"                                                                                "
"                                                                                "
"                                                                                "
"                                                                                "
