---
source: gen-tui/src/testing/snapshot_tests.rs
expression: snapshot
---
"                                                                                "
"                                                                                "
"                                                                                "
"                                                                                "
"                                                                                "
"                                                                                "
"                                                                                "
"                                                                                "
"                                                                                "
"             █████ █████                                                        "
"           ╭─█N1██─█N2██─╮                                                      "
"     █████ │ █████ █████ │ █████                                                "
"     █N0██─┤             ├─█N3██                                                "
"     █████ │    █████    │ █████                                                "
"           ╰────█N4██────╯                                                      "
"                █████                                                           "
"                                                                                "
"                                                                                "
"                                                                                "
"                                                                                "
"                                                                                "
"                                                                                "
"                                                                                "
"                                                                                "
"                                                                                "
