---
source: gen-tui/src/testing/snapshot_tests.rs
expression: snapshot
---
"                                                                                "
"                                                                                "
"                                                                                "
"                                                                                "
"                                                                                "
"                                                                                "
"                                                                                "
"     █████     █████ █████      █████ █████ █████ █████ █████                   "
"   ╭─█N4██─┬───█N5██─█N6██─┬────█N7██─█N8██─█N9██─█N10█─█N11█────╮              "
"   │ █████ │   █████ █████ │    █████ █████ █████ █████ █████    │              "
"   │       ╰─╮             ╰─╮                                   │              "
"   │ █████   │ █████ █████   │ █████                             │              "
" ╭─│─█N0██───┴─█N1██─█N2██───┴─█N3██─╮                           │              "
" │ │ █████     █████ █████     █████ │                           │              "
" │ ▲                                 │                           │              "
" │ ╰◀───────────────◀───────────────◀╯                           │              "
" │                                                               │              "
" ╰───────────────◀───────────────◀───────────────◀───────────────╯              "
"                                                                                "
"                                                                                "
"                                                                                "
"                                                                                "
"                                                                                "
"                                                                                "
"                                                                                "
