---
source: gen-tui/src/testing/layout_tests.rs
expression: snapshot
---
"                                                                                                                                                                "
"                                                                                                                                                                "
"                                                                                                                                                                "
"                                                                                                                                                                "
"                                                                                                                                                                "
"                                                                                                                                                                "
"                                                                                                                                                                "
"                                                                                                                                                                "
"                                                                                                                                                                "
"                                                                                                                                                                "
"                                                                                                                                                                "
"                                                                                                                                                                "
"                                                                                                                                                                "
"                                                                                                                                                                "
"                                                                                                                                                                "
"                                                                                                                                                                "
"                                                                                                                                                                "
"                                                                                                                                                                "
"                                                                                                                                                                "
"                                                                                                                                                                "
"                                                                                                                                                                "
"       ╭────────DDDDDD─────────╮                                                                                                                                "
"       │                       │                                                                                                                                "
"       │   ╭─B─┬─H─┬─A─┬─I─╮   │                                                                                                                                "
"     U─┤   │   │   │   │   │   ├─V                                                                                                                              "
"       │   ├─J─┼─M─┼─C─┼─K─┤   │                                                                                                                                "
"       │   │   │   │   │   │   │                                                                                                                                "
"       ╰─P─┼─O─┼─N─┼─E─┼─L─┼─G─╯                                                                                                                                "
"           │   │   │   │   │                                                                                                                                    "
"           ├─Q─┴─S─┴─F─┴─T─┤                                                                                                                                    "
"           │               │                                                                                                                                    "
"           ╰─────RRRR──────╯                                                                                                                                    "
"                                                                                                                                                                "
"                                                                                                                                                                "
"                                                                                                                                                                "
"                                                                                                                                                                "
"                                                                                                                                                                "
"                                                                                                                                                                "
"                                                                                                                                                                "
"                                                                                                                                                                "
"                                                                                                                                                                "
"                                                                                                                                                                "
"                                                                                                                                                                "
"                                                                                                                                                                "
"                                                                                                                                                                "
"                                                                                                                                                                "
"                                                                                                                                                                "
"                                                                                                                                                                "
"                                                                                                                                                                "
"                                                                                                                                                                "
