---
source: src/views/testing/snapshot_tests.rs
expression: snapshot
---
"                                                                                "
"                                                                                "
"                                                                                "
"                                                                                "
"                                                                                "
"                                                                                "
"                                                                                "
"                                                                                "
"                                                                                "
"                                                                                "
"             ╭─TAAT─┬─TAAT─╮                                                    "
"             │      │      │                                                    "
"     Start >─┼─CAAC─┼─CAAC─┼─> End                                              "
"             │      │      │                                                    "
"             ╰─AAAA─┴─AAAA─╯                                                    "
"                                                                                "
"                                                                                "
"                                                                                "
"                                                                                "
"                                                                                "
"                                                                                "
"                                                                                "
"                                                                                "
"                                                                                "
"                                                                                "
