---
source: src/views/testing/snapshot_tests.rs
expression: snapshot
---
"                                                                                "
"                                                                                "
"                                                                                "
"                                                                                "
"                                                                                "
"                                                                                "
"                                                                                "
"                                                                                "
"                                                                                "
"                                                                                "
"         Start >───┬──TTT─GGG─ACT─CTA────╮                                      "
"                 ╭─╯                     │                                      "
" ╭─▶─AAA───CCC───┴───> End               │                                      "
" │                                       │                                      "
" ╰───◀───────────────◀───────────────◀───╯                                      "
"                                                                                "
"                                                                                "
"                                                                                "
"                                                                                "
"                                                                                "
"                                                                                "
"                                                                                "
"                                                                                "
"                                                                                "
"                                                                                "
