---
source: src/views/testing/snapshot_tests.rs
expression: snapshot
---
"                                                                                "
"                                                                                "
"                                                                                "
"                                                                                "
"                                                                                "
"                                                                                "
"                                                                                "
"                                                                                "
"                                                                                "
"                     ╭─GATCG...ATCG─╮                                           "
"                     │              │                                           "
"                     ├─────TAAT─────┤                                           "
"     Start >─ATCGATC─┤              ├─GGAAC...GAGA─> End                        "
"                     ├─────CAAC─────┤                                           "
"                     │              │                                           "
"                     ╰─────AAAA─────╯                                           "
"                                                                                "
"                                                                                "
"                                                                                "
"                                                                                "
"                                                                                "
"                                                                                "
"                                                                                "
"                                                                                "
"                                                                                "
