---
source: src/views/testing/snapshot_tests.rs
expression: snapshot
---
"                                                                                "
"                                                                                "
"                                                                                "
"                                                                                "
"                                                                                "
"                                                                                "
"                                                                                "
"                                                                                "
"                                                                                "
"                                                                                "
"                                                                                "
"                ╭─AAAAAAAA─╮                                                    "
"     Start >─AT─┤          ├─TCGAT...GAGA─> End                                 "
"                ╰───CGA────╯                                                    "
"                                                                                "
"                                                                                "
"                                                                                "
"                                                                                "
"                                                                                "
"                                                                                "
"                                                                                "
"                                                                                "
"                                                                                "
"                                                                                "
"                                                                                "
