---
source: src/views/testing/snapshot_tests.rs
expression: snapshot
---
"                                                                                "
"                                                                                "
"                                                                                "
"                                                                                "
"                                                                                "
"                                                                                "
"                                                                                "
"                                                                                "
"                     ╭────GATCG...ATCG─────╮                                    "
"                     │                     │                                    "
"                     │                     │                                    "
"                     ├─────TAAT─────┬─TAAT─┤                                    "
"     Start >─ATCGATC─┤              │      ├─GGAAC...GAGA─> End                 "
"                     ├─────CAAC─────┼─CAAC─┤                                    "
"                     │              │      │                                    "
"                     ╰─────AAAA─────┴─AAAA─╯                                    "
"                                                                                "
"                                                                                "
"                                                                                "
"                                                                                "
"                                                                                "
"                                                                                "
"                                                                                "
"                                                                                "
"                                                                                "
